<html>
<body>
<pre>
<h1>µVision Build Log</h1>
<h2>Tool Versions:</h2>
IDE-Version: ¦ÌVision V5.26.2.0
Copyright (C) 2018 ARM Ltd and ARM Germany GmbH. All rights reserved.
License Information: Leon Chu, SUST, LIC=MGX01-CPT9M-21QPS-LRPR5-E3BTS-W6MYT
 
Tool Versions:
Toolchain:       MDK-ARM Professional  Version: 5.26.2.0
Toolchain Path:  C:\Keil_v5\ARM\ARMCC\Bin
C Compiler:      Armcc.exe V5.06 update 6 (build 750)
Assembler:       Armasm.exe V5.06 update 6 (build 750)
Linker/Locator:  ArmLink.exe V5.06 update 6 (build 750)
Library Manager: ArmAr.exe V5.06 update 6 (build 750)
Hex Converter:   FromElf.exe V5.06 update 6 (build 750)
CPU DLL:         SARMCM3.DLL V5.26.2.0
Dialog DLL:      DARMSTM.DLL V1.68.0.0
Target DLL:      STLink\ST-LINKIII-KEIL_SWO.dll V3.0.5.0
Dialog DLL:      TARMSTM.DLL V1.66.0.0
 
<h2>Project:</h2>
E:\Document\STM32\My_Code_Collection\DS1302\STM32F103+DS1302\SPI-VC\USER\Template.uvproj
Project File Date:  05/21/2019

<h2>Output:</h2>
*** Using Compiler 'V5.06 update 6 (build 750)', folder: 'C:\Keil_v5\ARM\ARMCC\Bin'
Build target 'Target 1'
compiling main.c...
main.c(47): warning:  #550-D: variable "nianyueri"  was set but never used
          u8 nianyueri[8];
main.c(48): warning:  #550-D: variable "shifenmiao"  was set but never used
          u8 shifenmiao[8];
main.c(33): warning:  #177-D: variable "i"  was declared but never referenced
      int i=0;
main.c: 3 warnings, 0 errors
linking...
Program Size: Code=7456 RO-data=336 RW-data=84 ZI-data=1836  
FromELF: creating hex file...
".\Template.axf" - 0 Error(s), 3 Warning(s).
Build Time Elapsed:  00:00:02
</pre>
</body>
</html>
